[debug] [2026-08-25T15:46:03.462Z] ----------------------------------------------------------------------
[debug] [2026-08-25T15:46:03.466Z] Command:       /usr/local/bin/node /usr/local/bin/firebase dataconnect:compile
[debug] [2026-08-25T15:46:03.467Z] CLI Version:   15.26.0
[debug] [2026-08-25T15:46:03.467Z] Platform:      linux
[debug] [2026-08-25T15:46:03.467Z] Node Version:  v22.23.2
[debug] [2026-08-25T15:46:03.468Z] Detected Agent: unknown
[debug] [2026-08-25T15:46:03.468Z] Time:          Tue Aug 25 2026 15:46:03 GMT+0000 (Coordinated Universal Time)
[debug] [2026-08-25T15:46:03.468Z] ----------------------------------------------------------------------
[debug] 
[debug] [2026-08-25T15:46:03.499Z] >>> [apiv2][query] GET https://firebase-public.firebaseio.com/cli.json [none]
[debug] [2026-08-25T15:46:05.866Z] TypeError [ERR_INVALID_ARG_TYPE]: The "path" argument must be of type string. Received undefined
    at Object.join (node:path:1354:7)
    at /usr/local/lib/node_modules/firebase-tools/lib/dataconnect/load.js:53:32
    at Array.map (<anonymous>)
    at load (/usr/local/lib/node_modules/firebase-tools/lib/dataconnect/load.js:52:51)
    at async Promise.all (index 0)
    at async loadAll (/usr/local/lib/node_modules/firebase-tools/lib/dataconnect/load.js:45:12)
    at async pickServices (/usr/local/lib/node_modules/firebase-tools/lib/dataconnect/load.js:30:26)
    at async Command.actionFn (/usr/local/lib/node_modules/firebase-tools/lib/commands/dataconnect-compile.js:24:26)
    at async /usr/local/lib/node_modules/firebase-tools/lib/command.js:280:28
[error] 
[error] Error: An unexpected error has occurred.
[debug] [2026-08-25T15:46:06.080Z] <<< [apiv2][status] GET https://firebase-public.firebaseio.com/cli.json 200
[debug] [2026-08-25T15:46:06.081Z] <<< [apiv2][body] GET https://firebase-public.firebaseio.com/cli.json {"cloudBuildErrorAfter":1594252800000,"cloudBuildWarnAfter":1590019200000,"defaultNode10After":1594252800000,"minVersion":"3.0.5","node8DeploysDisabledAfter":1613390400000,"node8RuntimeDisabledAfter":1615809600000,"node8WarnAfter":1600128000000}
